src/App.tsx(454,54): error TS2322: Type '"image_user"' is not assignable to type '"user" | "admin" | "instructor" | "learner"'.
src/pages/AdminDashboard/AdminAnalyticsPage.tsx(31,16): error TS2345: Argument of type 'unknown' is not assignable to parameter of type 'SetStateAction<DashboardStats | null>'.
src/pages/AdminDashboard/AdminPaymentsPage.tsx(53,34): error TS2345: Argument of type 'unknown' is not assignable to parameter of type 'Transaction[]'.
src/pages/AdminDashboard/AdminPaymentsPage.tsx(56,33): error TS2345: Argument of type 'unknown' is not assignable to parameter of type 'Withdrawal[]'.
src/pages/AdminDashboard/AdminPaymentsPage.tsx(59,29): error TS2345: Argument of type 'unknown' is not assignable to parameter of type 'Refund[]'.
src/pages/AdminDashboard/AdminProfilePage.tsx(96,9): error TS2304: Cannot find name 'setValidationErrors'.
src/pages/InstructorDashboard/InstructorEarningsPage.tsx(18,39): error TS2304: Cannot find name 'useState'.
src/pages/UserDashboard/AIPronunciationPage.tsx(2,16): error TS2304: Cannot find name 'AIPronunciationPage'.
src/pages/UserDashboard/CouponsPage.tsx(2,16): error TS2304: Cannot find name 'CouponsPage'.
src/pages/UserDashboard/DailyTopicsPage.tsx(2,16): error TS2304: Cannot find name 'DailyTopicsPage'.
src/pages/UserDashboard/QuizzesPage.tsx(2,16): error TS2304: Cannot find name 'QuizzesPage'.
src/pages/UserDashboard/ReferralsPage.tsx(2,16): error TS2304: Cannot find name 'ReferralsPage'.
src/pages/UserDashboard/SubscriptionsPage.tsx(2,16): error TS2304: Cannot find name 'SubscriptionsPage'.
src/pages/UserDashboard/UserTopicBrowser.tsx(128,33): error TS2322: Type '"link"' is not assignable to type '"primary" | "secondary" | "outline" | "ghost" | "danger" | undefined'.
src/pages/UserDashboard/VoiceCallsPage.tsx(2,16): error TS2304: Cannot find name 'VoiceCallsPage'.
src/pages/UserDashboard/WalletPage.tsx(2,16): error TS2304: Cannot find name 'WalletPage'.
src/utils/helpers.ts(152,18): error TS2503: Cannot find namespace 'NodeJS'.
